CREATE OR REPLACE FUNCTION returnX() RETURNS integer AS $$
return 10;
$$ LANGUAGE pldotnet;
SELECT returnX();
 returnx 
---------
      10
(1 row)

CREATE OR REPLACE FUNCTION inc2(val integer) RETURNS integer AS $$
return val + 2;
$$
LANGUAGE pldotnet;
SELECT inc2(8);
 inc2 
------
   10
(1 row)

CREATE OR REPLACE FUNCTION sum2(a integer, b integer) RETURNS integer AS $$
return a + b;
$$
LANGUAGE pldotnet;
SELECT sum2(3,2);
 sum2 
------
    5
(1 row)

CREATE OR REPLACE FUNCTION sum3(aaa integer, bbb integer, ccc integer) RETURNS integer AS $$
return aaa + bbb + ccc;
$$
LANGUAGE pldotnet;
SELECT sum3(3,2,1);
 sum3 
------
    6
(1 row)

CREATE OR REPLACE FUNCTION sum4(a integer, b integer, c integer, d integer) RETURNS integer AS $$
return a + b + c + d;
$$
LANGUAGE pldotnet;
SELECT sum4(4,3,2,1);
 sum4 
------
   10
(1 row)

