CREATE OR REPLACE FUNCTION returnNullBool() RETURNS boolean AS $$
return null;
$$ LANGUAGE plcsharp;
SELECT returnNullBool() is NULL;
 ?column? 
----------
 t
(1 row)

CREATE OR REPLACE FUNCTION BooleanNullAnd(a boolean, b boolean) RETURNS boolean AS $$
return a&b;
$$ LANGUAGE plcsharp;
SELECT BooleanNullAnd(true, null) is NULL;
 ?column? 
----------
 t
(1 row)

SELECT BooleanNullAnd(null, true) is NULL;
 ?column? 
----------
 t
(1 row)

SELECT BooleanNullAnd(false, null) is false;
 ?column? 
----------
 t
(1 row)

SELECT BooleanNullAnd(null, false) is false;
 ?column? 
----------
 t
(1 row)

SELECT BooleanNullAnd(null, null) is NULL;
 ?column? 
----------
 t
(1 row)

CREATE OR REPLACE FUNCTION BooleanNullOr(a boolean, b boolean) RETURNS boolean AS $$
return a|b;
$$ LANGUAGE plcsharp;
SELECT BooleanNullOr(true, null) is true;
 ?column? 
----------
 t
(1 row)

SELECT BooleanNullOr(null, true) is true;
 ?column? 
----------
 t
(1 row)

SELECT BooleanNullOr(false, null) is NULL;
 ?column? 
----------
 t
(1 row)

SELECT BooleanNullOr(null, false) is NULL;
 ?column? 
----------
 t
(1 row)

SELECT BooleanNullOr(null, null) is NULL;
 ?column? 
----------
 t
(1 row)

CREATE OR REPLACE FUNCTION BooleanNullXor(a boolean, b boolean) RETURNS boolean AS $$
return a^b;
$$ LANGUAGE plcsharp;
SELECT BooleanNullXor(true, null) is NULL;
 ?column? 
----------
 t
(1 row)

SELECT BooleanNullXor(null, true) is NULL;
 ?column? 
----------
 t
(1 row)

SELECT BooleanNullXor(false, null) is NULL;
 ?column? 
----------
 t
(1 row)

SELECT BooleanNullXor(null, false) is NULL;
 ?column? 
----------
 t
(1 row)

SELECT BooleanNullXor(null, null) is NULL;
 ?column? 
----------
 t
(1 row)

